<html>
<body>
<pre>
<h1>µVision Build Log</h1>
<h2>Tool Versions:</h2>
IDE-Version: ¦ÌVision V5.36.0.0
Copyright (C) 2021 ARM Ltd and ARM Germany GmbH. All rights reserved.
License Information: wang zhilei, aclsemi, LIC=VGXG8-3IU4Y-NNQAF-6GMHR-KQD67-U00R1
 
Tool Versions:
Toolchain:       MDK-ARM Plus  Version: 5.36.0.0
Toolchain Path:  d:\Keil_v536\ARM\ARMCLANG\Bin
C Compiler:      ArmClang.exe V6.16
Assembler:       Armasm.exe V6.16
Linker/Locator:  ArmLink.exe V6.16
Library Manager: ArmAr.exe V6.16
Hex Converter:   FromElf.exe V6.16
CPU DLL:         
Dialog DLL:      
Target DLL:      DbgFMv8M.DLL V1.3.19.0
Dialog DLL:      TCM.DLL V1.53.0.0
 
<h2>Project:</h2>
D:\study\source code\FreeRTOSv202112.00\FreeRTOS\Demo\CORTEX_MPU_M33F_Simulator_Keil_GCC\Secure\FreeRTOSDemo_s.uvprojx
Project File Date:  01/15/2022

<h2>Output:</h2>
*** Using Compiler 'V6.16', folder: 'd:\Keil_v536\ARM\ARMCLANG\Bin'
Build Project 'FreeRTOSDemo_s' - Target 'FVP Simulation Model'
assembling startup_ARMCM33.S...
compiling secure_init.c...
compiling secure_context_port.c...
compiling nsc_functions.c...
compiling main_s.c...
compiling secure_heap.c...
compiling secure_context.c...
compiling system_ARMCM33.c...
linking...
Program Size: Code=2716 RO-data=224 RW-data=4 ZI-data=14596  
".\Objects\FreeRTOSDemo_s.axf" - 0 Error(s), 0 Warning(s).

<h2>Software Packages used:</h2>

Package Vendor: ARM
                http://www.keil.com/pack/ARM.CMSIS.5.8.0.pack
                ARM.CMSIS.5.8.0
                CMSIS (Common Microcontroller Software Interface Standard)
   * Component: CORE Version: 5.5.0
   * Component: Startup Version: 1.3.0

<h2>Collection of Component include folders:</h2>
  .\RTE\Device\ARMCM33_DSP_FP_TZ
  .\RTE\_FVP_Simulation_Model
  D:\Temp\ARM\CMSIS\5.8.0\CMSIS\Core\Include
  D:\Temp\ARM\CMSIS\5.8.0\Device\ARM\ARMCM33\Include

<h2>Collection of Component Files used:</h2>

   * Component: ARM::CMSIS:CORE:5.5.0
      Include file:  CMSIS\Core\Include\tz_context.h
      Source file:   CMSIS\Core\Template\ARMv8-M\main_s.c
      Source file:   CMSIS\Core\Template\ARMv8-M\tz_context.c

   * Component: ARM::Device:Startup:1.3.0
      Source file:   Device\ARM\ARMCM33\Source\system_ARMCM33.c
      Include file:  Device\ARM\ARMCM33\Include\Template\partition_ARMCM33.h
      Source file:   Device\ARM\ARMCM33\Source\ARM\startup_ARMCM33.S
Build Time Elapsed:  00:00:02
</pre>
</body>
</html>
