Component: ARM Compiler 6.16 Tool: armlink [5dfeaa00]

==============================================================================

Section Cross References

    secure_context.o(.text.SecureContext_Init) refers to secure_context.o(.bss.SecureContext_Init.ulSecureContextsInitialized) for SecureContext_Init.ulSecureContextsInitialized
    secure_context.o(.text.SecureContext_Init) refers to secure_context.o(.bss.xSecureContexts) for xSecureContexts
    secure_context.o(.text.SecureContext_Init) refers to rt_memclr_w.o(.text) for __aeabi_memclr4
    secure_context.o(.ARM.exidx.text.SecureContext_Init) refers to secure_context.o(.text.SecureContext_Init) for [Anonymous Symbol]
    secure_context.o(.text.SecureContext_AllocateContext) refers to secure_context.o(.text.ulGetSecureContext) for ulGetSecureContext
    secure_context.o(.text.SecureContext_AllocateContext) refers to secure_heap.o(.text.pvPortMalloc) for pvPortMalloc
    secure_context.o(.text.SecureContext_AllocateContext) refers to secure_context.o(.bss.xSecureContexts) for xSecureContexts
    secure_context.o(.ARM.exidx.text.SecureContext_AllocateContext) refers to secure_context.o(.text.SecureContext_AllocateContext) for [Anonymous Symbol]
    secure_context.o(.text.ulGetSecureContext) refers to secure_context.o(.bss.xSecureContexts) for xSecureContexts
    secure_context.o(.ARM.exidx.text.ulGetSecureContext) refers to secure_context.o(.text.ulGetSecureContext) for [Anonymous Symbol]
    secure_context.o(.text.SecureContext_FreeContext) refers to secure_context.o(.bss.xSecureContexts) for xSecureContexts
    secure_context.o(.text.SecureContext_FreeContext) refers to secure_heap.o(.text.vPortFree) for vPortFree
    secure_context.o(.text.SecureContext_FreeContext) refers to secure_context.o(.text.vReturnSecureContext) for vReturnSecureContext
    secure_context.o(.ARM.exidx.text.SecureContext_FreeContext) refers to secure_context.o(.text.SecureContext_FreeContext) for [Anonymous Symbol]
    secure_context.o(.text.vReturnSecureContext) refers to secure_context.o(.bss.xSecureContexts) for xSecureContexts
    secure_context.o(.ARM.exidx.text.vReturnSecureContext) refers to secure_context.o(.text.vReturnSecureContext) for [Anonymous Symbol]
    secure_context.o(.text.SecureContext_LoadContext) refers to secure_context.o(.bss.xSecureContexts) for xSecureContexts
    secure_context.o(.text.SecureContext_LoadContext) refers to secure_context_port.o(.text.SecureContext_LoadContextAsm) for SecureContext_LoadContextAsm
    secure_context.o(.ARM.exidx.text.SecureContext_LoadContext) refers to secure_context.o(.text.SecureContext_LoadContext) for [Anonymous Symbol]
    secure_context.o(.text.SecureContext_SaveContext) refers to secure_context.o(.bss.xSecureContexts) for xSecureContexts
    secure_context.o(.text.SecureContext_SaveContext) refers to secure_context_port.o(.text.SecureContext_SaveContextAsm) for SecureContext_SaveContextAsm
    secure_context.o(.ARM.exidx.text.SecureContext_SaveContext) refers to secure_context.o(.text.SecureContext_SaveContext) for [Anonymous Symbol]
    secure_context_port.o(.ARM.exidx.text.SecureContext_LoadContextAsm) refers to secure_context_port.o(.text.SecureContext_LoadContextAsm) for [Anonymous Symbol]
    secure_context_port.o(.ARM.exidx.text.SecureContext_SaveContextAsm) refers to secure_context_port.o(.text.SecureContext_SaveContextAsm) for [Anonymous Symbol]
    secure_init.o(.ARM.exidx.text.SecureInit_DePrioritizeNSExceptions) refers to secure_init.o(.text.SecureInit_DePrioritizeNSExceptions) for [Anonymous Symbol]
    secure_init.o(.ARM.exidx.text.SecureInit_EnableNSFPUAccess) refers to secure_init.o(.text.SecureInit_EnableNSFPUAccess) for [Anonymous Symbol]
    secure_heap.o(.text.pvPortMalloc) refers to secure_heap.o(.bss.pxEnd) for pxEnd
    secure_heap.o(.text.pvPortMalloc) refers to secure_heap.o(.text.prvHeapInit) for prvHeapInit
    secure_heap.o(.text.pvPortMalloc) refers to secure_heap.o(.bss.xBlockAllocatedBit) for xBlockAllocatedBit
    secure_heap.o(.text.pvPortMalloc) refers to secure_heap.o(.bss.xFreeBytesRemaining) for xFreeBytesRemaining
    secure_heap.o(.text.pvPortMalloc) refers to secure_heap.o(.bss.xStart) for xStart
    secure_heap.o(.text.pvPortMalloc) refers to secure_heap.o(.text.prvInsertBlockIntoFreeList) for prvInsertBlockIntoFreeList
    secure_heap.o(.text.pvPortMalloc) refers to secure_heap.o(.bss.xMinimumEverFreeBytesRemaining) for xMinimumEverFreeBytesRemaining
    secure_heap.o(.ARM.exidx.text.pvPortMalloc) refers to secure_heap.o(.text.pvPortMalloc) for [Anonymous Symbol]
    secure_heap.o(.text.prvHeapInit) refers to secure_heap.o(.bss.ucHeap) for ucHeap
    secure_heap.o(.text.prvHeapInit) refers to secure_heap.o(.bss.xStart) for xStart
    secure_heap.o(.text.prvHeapInit) refers to secure_heap.o(.bss.pxEnd) for pxEnd
    secure_heap.o(.text.prvHeapInit) refers to secure_heap.o(.bss.xMinimumEverFreeBytesRemaining) for xMinimumEverFreeBytesRemaining
    secure_heap.o(.text.prvHeapInit) refers to secure_heap.o(.bss.xFreeBytesRemaining) for xFreeBytesRemaining
    secure_heap.o(.text.prvHeapInit) refers to secure_heap.o(.bss.xBlockAllocatedBit) for xBlockAllocatedBit
    secure_heap.o(.ARM.exidx.text.prvHeapInit) refers to secure_heap.o(.text.prvHeapInit) for [Anonymous Symbol]
    secure_heap.o(.text.prvInsertBlockIntoFreeList) refers to secure_heap.o(.bss.xStart) for xStart
    secure_heap.o(.text.prvInsertBlockIntoFreeList) refers to secure_heap.o(.bss.pxEnd) for pxEnd
    secure_heap.o(.ARM.exidx.text.prvInsertBlockIntoFreeList) refers to secure_heap.o(.text.prvInsertBlockIntoFreeList) for [Anonymous Symbol]
    secure_heap.o(.text.vPortFree) refers to secure_heap.o(.bss.xBlockAllocatedBit) for xBlockAllocatedBit
    secure_heap.o(.text.vPortFree) refers to secure_heap.o(.bss.xFreeBytesRemaining) for xFreeBytesRemaining
    secure_heap.o(.text.vPortFree) refers to secure_heap.o(.text.prvInsertBlockIntoFreeList) for prvInsertBlockIntoFreeList
    secure_heap.o(.ARM.exidx.text.vPortFree) refers to secure_heap.o(.text.vPortFree) for [Anonymous Symbol]
    secure_heap.o(.text.xPortGetFreeHeapSize) refers to secure_heap.o(.bss.xFreeBytesRemaining) for xFreeBytesRemaining
    secure_heap.o(.ARM.exidx.text.xPortGetFreeHeapSize) refers to secure_heap.o(.text.xPortGetFreeHeapSize) for [Anonymous Symbol]
    secure_heap.o(.text.xPortGetMinimumEverFreeHeapSize) refers to secure_heap.o(.bss.xMinimumEverFreeBytesRemaining) for xMinimumEverFreeBytesRemaining
    secure_heap.o(.ARM.exidx.text.xPortGetMinimumEverFreeHeapSize) refers to secure_heap.o(.text.xPortGetMinimumEverFreeHeapSize) for [Anonymous Symbol]
    nsc_functions.o(.text.NSCFunction) refers to nsc_functions.o(.bss.ulSecureCounter) for ulSecureCounter
    nsc_functions.o(.ARM.exidx.text.NSCFunction) refers to nsc_functions.o(.text.NSCFunction) for [Anonymous Symbol]
    main_s.o(.text.main) refers to main_s.o(.text.BootNonSecure) for BootNonSecure
    main_s.o(.ARM.exidx.text.main) refers to main_s.o(.text.main) for [Anonymous Symbol]
    main_s.o(.ARM.exidx.text.BootNonSecure) refers to main_s.o(.text.BootNonSecure) for [Anonymous Symbol]
    startup_armcm33.o(STACK) refers (Special) to heapauxi.o(.text) for __use_two_region_memory
    startup_armcm33.o(HEAP) refers (Special) to heapauxi.o(.text) for __use_two_region_memory
    startup_armcm33.o(RESET) refers (Special) to heapauxi.o(.text) for __use_two_region_memory
    startup_armcm33.o(RESET) refers to startup_armcm33.o(STACK) for __initial_sp
    startup_armcm33.o(RESET) refers to startup_armcm33.o(.text) for Reset_Handler
    startup_armcm33.o(.text) refers (Special) to heapauxi.o(.text) for __use_two_region_memory
    startup_armcm33.o(.text) refers to system_armcm33.o(.text.SystemInit) for SystemInit
    startup_armcm33.o(.text) refers to __main.o(!!!main) for __main
    startup_armcm33.o(.text) refers to startup_armcm33.o(HEAP) for Heap_Mem
    startup_armcm33.o(.text) refers to startup_armcm33.o(STACK) for Stack_Mem
    system_armcm33.o(.text.SystemCoreClockUpdate) refers to system_armcm33.o(.data.SystemCoreClock) for SystemCoreClock
    system_armcm33.o(.ARM.exidx.text.SystemCoreClockUpdate) refers to system_armcm33.o(.text.SystemCoreClockUpdate) for [Anonymous Symbol]
    system_armcm33.o(.text.SystemInit) refers to startup_armcm33.o(RESET) for __Vectors
    system_armcm33.o(.text.SystemInit) refers to system_armcm33.o(.text.TZ_SAU_Setup) for TZ_SAU_Setup
    system_armcm33.o(.text.SystemInit) refers to system_armcm33.o(.data.SystemCoreClock) for SystemCoreClock
    system_armcm33.o(.ARM.exidx.text.SystemInit) refers to system_armcm33.o(.text.SystemInit) for [Anonymous Symbol]
    system_armcm33.o(.ARM.exidx.text.TZ_SAU_Setup) refers to system_armcm33.o(.text.TZ_SAU_Setup) for [Anonymous Symbol]
    __main.o(!!!main) refers to __rtentry.o(.ARM.Collect$$rtentry$$00000000) for __rt_entry
    __rtentry.o(.ARM.Collect$$rtentry$$00000000) refers (Special) to __rtentry2.o(.ARM.Collect$$rtentry$$0000000A) for __rt_entry_li
    __rtentry.o(.ARM.Collect$$rtentry$$00000000) refers (Special) to __rtentry2.o(.ARM.Collect$$rtentry$$0000000D) for __rt_entry_main
    __rtentry.o(.ARM.Collect$$rtentry$$00000000) refers (Special) to __rtentry2.o(.ARM.Collect$$rtentry$$0000000C) for __rt_entry_postli_1
    __rtentry.o(.ARM.Collect$$rtentry$$00000000) refers (Special) to __rtentry2.o(.ARM.Collect$$rtentry$$00000009) for __rt_entry_postsh_1
    __rtentry.o(.ARM.Collect$$rtentry$$00000000) refers (Special) to __rtentry2.o(.ARM.Collect$$rtentry$$00000002) for __rt_entry_presh_1
    __rtentry.o(.ARM.Collect$$rtentry$$00000000) refers (Special) to __rtentry4.o(.ARM.Collect$$rtentry$$00000004) for __rt_entry_sh
    __rtentry2.o(.ARM.Collect$$rtentry$$00000008) refers to boardinit2.o(.text) for _platform_post_stackheap_init
    __rtentry2.o(.ARM.Collect$$rtentry$$0000000A) refers to libinit.o(.ARM.Collect$$libinit$$00000000) for __rt_lib_init
    __rtentry2.o(.ARM.Collect$$rtentry$$0000000B) refers to boardinit3.o(.text) for _platform_post_lib_init
    __rtentry2.o(.ARM.Collect$$rtentry$$0000000D) refers to main_s.o(.text.main) for main
    __rtentry2.o(.ARM.Collect$$rtentry$$0000000D) refers to exit.o(.text) for exit
    __rtentry2.o(.ARM.exidx) refers to __rtentry2.o(.ARM.Collect$$rtentry$$00000001) for .ARM.Collect$$rtentry$$00000001
    __rtentry2.o(.ARM.exidx) refers to __rtentry2.o(.ARM.Collect$$rtentry$$00000008) for .ARM.Collect$$rtentry$$00000008
    __rtentry2.o(.ARM.exidx) refers to __rtentry2.o(.ARM.Collect$$rtentry$$0000000A) for .ARM.Collect$$rtentry$$0000000A
    __rtentry2.o(.ARM.exidx) refers to __rtentry2.o(.ARM.Collect$$rtentry$$0000000B) for .ARM.Collect$$rtentry$$0000000B
    __rtentry2.o(.ARM.exidx) refers to __rtentry2.o(.ARM.Collect$$rtentry$$0000000D) for .ARM.Collect$$rtentry$$0000000D
    __rtentry4.o(.ARM.Collect$$rtentry$$00000004) refers to sys_stackheap_outer.o(.text) for __user_setup_stackheap
    __rtentry4.o(.ARM.exidx) refers to __rtentry4.o(.ARM.Collect$$rtentry$$00000004) for .ARM.Collect$$rtentry$$00000004
    sys_stackheap_outer.o(.text) refers to libspace.o(.text) for __user_perproc_libspace
    sys_stackheap_outer.o(.text) refers to startup_armcm33.o(.text) for __user_initial_stackheap
    exit.o(.text) refers to rtexit.o(.ARM.Collect$$rtexit$$00000000) for __rt_exit
    libinit.o(.ARM.Collect$$libinit$$00000000) refers (Special) to libinit2.o(.ARM.Collect$$libinit$$0000002E) for __rt_lib_init_alloca_1
    libinit.o(.ARM.Collect$$libinit$$00000000) refers (Special) to libinit2.o(.ARM.Collect$$libinit$$0000002C) for __rt_lib_init_argv_1
    libinit.o(.ARM.Collect$$libinit$$00000000) refers (Special) to libinit2.o(.ARM.Collect$$libinit$$0000001B) for __rt_lib_init_atexit_1
    libinit.o(.ARM.Collect$$libinit$$00000000) refers (Special) to libinit2.o(.ARM.Collect$$libinit$$00000021) for __rt_lib_init_clock_1
    libinit.o(.ARM.Collect$$libinit$$00000000) refers (Special) to libinit2.o(.ARM.Collect$$libinit$$00000032) for __rt_lib_init_cpp_1
    libinit.o(.ARM.Collect$$libinit$$00000000) refers (Special) to libinit2.o(.ARM.Collect$$libinit$$00000030) for __rt_lib_init_exceptions_1
    libinit.o(.ARM.Collect$$libinit$$00000000) refers (Special) to libinit2.o(.ARM.Collect$$libinit$$00000001) for __rt_lib_init_fp_1
    libinit.o(.ARM.Collect$$libinit$$00000000) refers (Special) to libinit2.o(.ARM.Collect$$libinit$$0000001F) for __rt_lib_init_fp_trap_1
    libinit.o(.ARM.Collect$$libinit$$00000000) refers (Special) to libinit2.o(.ARM.Collect$$libinit$$00000023) for __rt_lib_init_getenv_1
    libinit.o(.ARM.Collect$$libinit$$00000000) refers (Special) to libinit2.o(.ARM.Collect$$libinit$$0000000A) for __rt_lib_init_heap_1
    libinit.o(.ARM.Collect$$libinit$$00000000) refers (Special) to libinit2.o(.ARM.Collect$$libinit$$00000011) for __rt_lib_init_lc_collate_1
    libinit.o(.ARM.Collect$$libinit$$00000000) refers (Special) to libinit2.o(.ARM.Collect$$libinit$$00000013) for __rt_lib_init_lc_ctype_1
    libinit.o(.ARM.Collect$$libinit$$00000000) refers (Special) to libinit2.o(.ARM.Collect$$libinit$$00000015) for __rt_lib_init_lc_monetary_1
    libinit.o(.ARM.Collect$$libinit$$00000000) refers (Special) to libinit2.o(.ARM.Collect$$libinit$$00000017) for __rt_lib_init_lc_numeric_1
    libinit.o(.ARM.Collect$$libinit$$00000000) refers (Special) to libinit2.o(.ARM.Collect$$libinit$$00000019) for __rt_lib_init_lc_time_1
    libinit.o(.ARM.Collect$$libinit$$00000000) refers (Special) to libinit2.o(.ARM.Collect$$libinit$$00000004) for __rt_lib_init_preinit_1
    libinit.o(.ARM.Collect$$libinit$$00000000) refers (Special) to libinit2.o(.ARM.Collect$$libinit$$0000000E) for __rt_lib_init_rand_1
    libinit.o(.ARM.Collect$$libinit$$00000000) refers (Special) to libinit2.o(.ARM.Collect$$libinit$$00000033) for __rt_lib_init_return
    libinit.o(.ARM.Collect$$libinit$$00000000) refers (Special) to libinit2.o(.ARM.Collect$$libinit$$0000001D) for __rt_lib_init_signal_1
    libinit.o(.ARM.Collect$$libinit$$00000000) refers (Special) to libinit2.o(.ARM.Collect$$libinit$$00000025) for __rt_lib_init_stdio_1
    libinit.o(.ARM.Collect$$libinit$$00000000) refers (Special) to libinit2.o(.ARM.Collect$$libinit$$0000000C) for __rt_lib_init_user_alloc_1
    libspace.o(.text) refers to libspace.o(.bss) for __libspace_start
    rtexit.o(.ARM.Collect$$rtexit$$00000000) refers (Special) to rtexit2.o(.ARM.Collect$$rtexit$$00000004) for __rt_exit_exit
    rtexit.o(.ARM.Collect$$rtexit$$00000000) refers (Special) to rtexit2.o(.ARM.Collect$$rtexit$$00000003) for __rt_exit_ls
    rtexit.o(.ARM.Collect$$rtexit$$00000000) refers (Special) to rtexit2.o(.ARM.Collect$$rtexit$$00000002) for __rt_exit_prels_1
    rtexit.o(.ARM.exidx) refers (Special) to rtexit2.o(.ARM.Collect$$rtexit$$00000004) for __rt_exit_exit
    rtexit.o(.ARM.exidx) refers (Special) to rtexit2.o(.ARM.Collect$$rtexit$$00000003) for __rt_exit_ls
    rtexit.o(.ARM.exidx) refers (Special) to rtexit2.o(.ARM.Collect$$rtexit$$00000002) for __rt_exit_prels_1
    rtexit.o(.ARM.exidx) refers to rtexit.o(.ARM.Collect$$rtexit$$00000000) for .ARM.Collect$$rtexit$$00000000
    libinit2.o(.ARM.Collect$$libinit$$00000001) refers to fpinit.o(x$fpl$fpinit) for _fp_init
    libinit2.o(.ARM.Collect$$libinit$$00000010) refers to libinit2.o(.ARM.Collect$$libinit$$0000000F) for .ARM.Collect$$libinit$$0000000F
    libinit2.o(.ARM.Collect$$libinit$$00000012) refers to libinit2.o(.ARM.Collect$$libinit$$0000000F) for .ARM.Collect$$libinit$$0000000F
    libinit2.o(.ARM.Collect$$libinit$$00000014) refers to libinit2.o(.ARM.Collect$$libinit$$0000000F) for .ARM.Collect$$libinit$$0000000F
    libinit2.o(.ARM.Collect$$libinit$$00000016) refers to libinit2.o(.ARM.Collect$$libinit$$0000000F) for .ARM.Collect$$libinit$$0000000F
    libinit2.o(.ARM.Collect$$libinit$$00000018) refers to libinit2.o(.ARM.Collect$$libinit$$0000000F) for .ARM.Collect$$libinit$$0000000F
    libinit2.o(.ARM.Collect$$libinit$$00000026) refers to argv_veneer.o(.emb_text) for __ARM_argv_veneer
    libinit2.o(.ARM.Collect$$libinit$$00000027) refers to argv_veneer.o(.emb_text) for __ARM_argv_veneer
    rtexit2.o(.ARM.Collect$$rtexit$$00000003) refers to libshutdown.o(.ARM.Collect$$libshutdown$$00000000) for __rt_lib_shutdown
    rtexit2.o(.ARM.Collect$$rtexit$$00000004) refers to sys_exit.o(.text) for _sys_exit
    rtexit2.o(.ARM.exidx) refers to rtexit2.o(.ARM.Collect$$rtexit$$00000001) for .ARM.Collect$$rtexit$$00000001
    rtexit2.o(.ARM.exidx) refers to rtexit2.o(.ARM.Collect$$rtexit$$00000003) for .ARM.Collect$$rtexit$$00000003
    rtexit2.o(.ARM.exidx) refers to rtexit2.o(.ARM.Collect$$rtexit$$00000004) for .ARM.Collect$$rtexit$$00000004
    argv_veneer.o(.emb_text) refers to no_argv.o(.text) for __ARM_get_argv
    sys_exit.o(.text) refers (Special) to use_no_semi.o(.text) for __I$use$semihosting
    sys_exit.o(.text) refers (Special) to indicate_semi.o(.text) for __semihosting_library_function
    sys_exit_hlt.o(.text) refers (Special) to use_no_semi.o(.text) for __I$use$semihosting
    sys_exit_hlt.o(.text) refers (Special) to indicate_semi.o(.text) for __semihosting_library_function
    _get_argv_nomalloc.o(.text) refers (Special) to hrguard.o(.text) for __heap_region$guard
    _get_argv_nomalloc.o(.text) refers to defsig_rtmem_outer.o(.text) for __rt_SIGRTMEM
    _get_argv_nomalloc.o(.text) refers to sys_command.o(.text) for _sys_command_string
    libshutdown.o(.ARM.Collect$$libshutdown$$00000000) refers (Special) to libshutdown2.o(.ARM.Collect$$libshutdown$$00000002) for __rt_lib_shutdown_cpp_1
    libshutdown.o(.ARM.Collect$$libshutdown$$00000000) refers (Special) to libshutdown2.o(.ARM.Collect$$libshutdown$$00000007) for __rt_lib_shutdown_fp_trap_1
    libshutdown.o(.ARM.Collect$$libshutdown$$00000000) refers (Special) to libshutdown2.o(.ARM.Collect$$libshutdown$$0000000F) for __rt_lib_shutdown_heap_1
    libshutdown.o(.ARM.Collect$$libshutdown$$00000000) refers (Special) to libshutdown2.o(.ARM.Collect$$libshutdown$$00000010) for __rt_lib_shutdown_return
    libshutdown.o(.ARM.Collect$$libshutdown$$00000000) refers (Special) to libshutdown2.o(.ARM.Collect$$libshutdown$$0000000A) for __rt_lib_shutdown_signal_1
    libshutdown.o(.ARM.Collect$$libshutdown$$00000000) refers (Special) to libshutdown2.o(.ARM.Collect$$libshutdown$$00000004) for __rt_lib_shutdown_stdio_1
    libshutdown.o(.ARM.Collect$$libshutdown$$00000000) refers (Special) to libshutdown2.o(.ARM.Collect$$libshutdown$$0000000C) for __rt_lib_shutdown_user_alloc_1
    sys_command.o(.text) refers (Special) to use_no_semi.o(.text) for __I$use$semihosting
    sys_command.o(.text) refers (Special) to indicate_semi.o(.text) for __semihosting_library_function
    sys_command_hlt.o(.text) refers (Special) to use_no_semi.o(.text) for __I$use$semihosting
    sys_command_hlt.o(.text) refers (Special) to indicate_semi.o(.text) for __semihosting_library_function
    defsig_rtmem_outer.o(.text) refers to defsig_rtmem_inner.o(.text) for __rt_SIGRTMEM_inner
    defsig_rtmem_outer.o(.text) refers to defsig_exit.o(.text) for __sig_exit
    defsig_rtmem_formal.o(.text) refers to rt_raise.o(.text) for __rt_raise
    rt_raise.o(.text) refers to __raise.o(.text) for __raise
    rt_raise.o(.text) refers to sys_exit.o(.text) for _sys_exit
    defsig_exit.o(.text) refers to sys_exit.o(.text) for _sys_exit
    defsig_rtmem_inner.o(.text) refers to defsig_general.o(.text) for __default_signal_display
    __raise.o(.text) refers to defsig.o(CL$$defsig) for __default_signal_handler
    defsig_general.o(.text) refers to sys_wrch.o(.text) for _ttywrch
    sys_wrch.o(.text) refers (Special) to use_no_semi.o(.text) for __I$use$semihosting
    sys_wrch.o(.text) refers (Special) to indicate_semi.o(.text) for __semihosting_library_function
    sys_wrch_hlt.o(.text) refers (Special) to use_no_semi.o(.text) for __I$use$semihosting
    sys_wrch_hlt.o(.text) refers (Special) to indicate_semi.o(.text) for __semihosting_library_function
    defsig.o(CL$$defsig) refers to defsig_rtmem_inner.o(.text) for __rt_SIGRTMEM_inner
    defsig_abrt_inner.o(.text) refers to defsig_general.o(.text) for __default_signal_display
    defsig_fpe_inner.o(.text) refers to defsig_general.o(.text) for __default_signal_display
    defsig_rtred_inner.o(.text) refers to defsig_general.o(.text) for __default_signal_display
    defsig_stak_inner.o(.text) refers to defsig_general.o(.text) for __default_signal_display
    defsig_pvfn_inner.o(.text) refers to defsig_general.o(.text) for __default_signal_display
    defsig_cppl_inner.o(.text) refers to defsig_general.o(.text) for __default_signal_display
    defsig_segv_inner.o(.text) refers to defsig_general.o(.text) for __default_signal_display
    defsig_other.o(.text) refers to defsig_general.o(.text) for __default_signal_display
    anon$$obj.o(Veneer$$CMSE) refers to secure_context.o(.text.SecureContext_AllocateContext) for __acle_se_SecureContext_AllocateContext
    anon$$obj.o(Veneer$$CMSE) refers to secure_context.o(.text.SecureContext_FreeContext) for __acle_se_SecureContext_FreeContext
    anon$$obj.o(Veneer$$CMSE) refers to secure_context.o(.text.SecureContext_Init) for __acle_se_SecureContext_Init
    anon$$obj.o(Veneer$$CMSE) refers to secure_context.o(.text.SecureContext_LoadContext) for __acle_se_SecureContext_LoadContext
    anon$$obj.o(Veneer$$CMSE) refers to secure_context.o(.text.SecureContext_SaveContext) for __acle_se_SecureContext_SaveContext
    anon$$obj.o(Veneer$$CMSE) refers to secure_init.o(.text.SecureInit_DePrioritizeNSExceptions) for __acle_se_SecureInit_DePrioritizeNSExceptions
    anon$$obj.o(Veneer$$CMSE) refers to secure_init.o(.text.SecureInit_EnableNSFPUAccess) for __acle_se_SecureInit_EnableNSFPUAccess
    anon$$obj.o(Veneer$$CMSE) refers to nsc_functions.o(.text.NSCFunction) for __acle_se_NSCFunction


==============================================================================

Removing Unused input sections from the image.

    Removing secure_context.o(.text), (0 bytes).
    Removing secure_context.o(.ARM.exidx.text.SecureContext_Init), (8 bytes).
    Removing secure_context.o(.ARM.exidx.text.SecureContext_AllocateContext), (8 bytes).
    Removing secure_context.o(.ARM.exidx.text.ulGetSecureContext), (8 bytes).
    Removing secure_context.o(.ARM.exidx.text.SecureContext_FreeContext), (8 bytes).
    Removing secure_context.o(.ARM.exidx.text.vReturnSecureContext), (8 bytes).
    Removing secure_context.o(.ARM.exidx.text.SecureContext_LoadContext), (8 bytes).
    Removing secure_context.o(.ARM.exidx.text.SecureContext_SaveContext), (8 bytes).
    Removing secure_context_port.o(.text), (0 bytes).
    Removing secure_context_port.o(.ARM.exidx.text.SecureContext_LoadContextAsm), (8 bytes).
    Removing secure_context_port.o(.ARM.exidx.text.SecureContext_SaveContextAsm), (8 bytes).
    Removing secure_init.o(.text), (0 bytes).
    Removing secure_init.o(.ARM.exidx.text.SecureInit_DePrioritizeNSExceptions), (8 bytes).
    Removing secure_init.o(.ARM.exidx.text.SecureInit_EnableNSFPUAccess), (8 bytes).
    Removing secure_heap.o(.text), (0 bytes).
    Removing secure_heap.o(.ARM.exidx.text.pvPortMalloc), (8 bytes).
    Removing secure_heap.o(.ARM.exidx.text.prvHeapInit), (8 bytes).
    Removing secure_heap.o(.ARM.exidx.text.prvInsertBlockIntoFreeList), (8 bytes).
    Removing secure_heap.o(.ARM.exidx.text.vPortFree), (8 bytes).
    Removing secure_heap.o(.text.xPortGetFreeHeapSize), (12 bytes).
    Removing secure_heap.o(.ARM.exidx.text.xPortGetFreeHeapSize), (8 bytes).
    Removing secure_heap.o(.text.xPortGetMinimumEverFreeHeapSize), (12 bytes).
    Removing secure_heap.o(.ARM.exidx.text.xPortGetMinimumEverFreeHeapSize), (8 bytes).
    Removing nsc_functions.o(.text), (0 bytes).
    Removing nsc_functions.o(.ARM.exidx.text.NSCFunction), (8 bytes).
    Removing main_s.o(.text), (0 bytes).
    Removing main_s.o(.ARM.exidx.text.main), (8 bytes).
    Removing main_s.o(.ARM.exidx.text.BootNonSecure), (8 bytes).
    Removing main_s.o(.ARM.use_no_argv), (4 bytes).
    Removing system_armcm33.o(.text), (0 bytes).
    Removing system_armcm33.o(.text.SystemCoreClockUpdate), (20 bytes).
    Removing system_armcm33.o(.ARM.exidx.text.SystemCoreClockUpdate), (8 bytes).
    Removing system_armcm33.o(.ARM.exidx.text.SystemInit), (8 bytes).
    Removing system_armcm33.o(.ARM.exidx.text.TZ_SAU_Setup), (8 bytes).

34 unused section(s) (total 232 bytes) removed from the image.

==============================================================================

Image Symbol Table

    Local Symbols

    Symbol Name                              Value     Ov Type        Size  Object(Section)

    ../clib/angel/boardlib.s                 0x00000000   Number         0  boardinit1.o ABSOLUTE
    ../clib/angel/boardlib.s                 0x00000000   Number         0  boardinit2.o ABSOLUTE
    ../clib/angel/boardlib.s                 0x00000000   Number         0  boardinit3.o ABSOLUTE
    ../clib/angel/boardlib.s                 0x00000000   Number         0  boardshut.o ABSOLUTE
    ../clib/angel/handlers.s                 0x00000000   Number         0  __scatter_copy.o ABSOLUTE
    ../clib/angel/handlers.s                 0x00000000   Number         0  __scatter_zi.o ABSOLUTE
    ../clib/angel/kernel.s                   0x00000000   Number         0  __rtentry.o ABSOLUTE
    ../clib/angel/kernel.s                   0x00000000   Number         0  __rtentry2.o ABSOLUTE
    ../clib/angel/kernel.s                   0x00000000   Number         0  __rtentry4.o ABSOLUTE
    ../clib/angel/kernel.s                   0x00000000   Number         0  rtexit.o ABSOLUTE
    ../clib/angel/kernel.s                   0x00000000   Number         0  rtexit2.o ABSOLUTE
    ../clib/angel/rt.s                       0x00000000   Number         0  rt_raise.o ABSOLUTE
    ../clib/angel/scatter.s                  0x00000000   Number         0  __scatter.o ABSOLUTE
    ../clib/angel/startup.s                  0x00000000   Number         0  __main.o ABSOLUTE
    ../clib/angel/sys.s                      0x00000000   Number         0  sys_stackheap_outer.o ABSOLUTE
    ../clib/angel/sys.s                      0x00000000   Number         0  libspace.o ABSOLUTE
    ../clib/angel/sys.s                      0x00000000   Number         0  use_no_semi.o ABSOLUTE
    ../clib/angel/sys.s                      0x00000000   Number         0  indicate_semi.o ABSOLUTE
    ../clib/angel/sysapp.c                   0x00000000   Number         0  sys_exit.o ABSOLUTE
    ../clib/angel/sysapp.c                   0x00000000   Number         0  sys_exit_hlt.o ABSOLUTE
    ../clib/angel/sysapp.c                   0x00000000   Number         0  sys_command.o ABSOLUTE
    ../clib/angel/sysapp.c                   0x00000000   Number         0  sys_command_hlt.o ABSOLUTE
    ../clib/angel/sysapp.c                   0x00000000   Number         0  sys_wrch.o ABSOLUTE
    ../clib/angel/sysapp.c                   0x00000000   Number         0  sys_wrch_hlt.o ABSOLUTE
    ../clib/armsys.c                         0x00000000   Number         0  argv_veneer.o ABSOLUTE
    ../clib/armsys.c                         0x00000000   Number         0  argv_veneer.o ABSOLUTE
    ../clib/armsys.c                         0x00000000   Number         0  _get_argv_nomalloc.o ABSOLUTE
    ../clib/armsys.c                         0x00000000   Number         0  no_argv.o ABSOLUTE
    ../clib/heapalloc.c                      0x00000000   Number         0  hrguard.o ABSOLUTE
    ../clib/heapaux.c                        0x00000000   Number         0  heapauxi.o ABSOLUTE
    ../clib/libinit.s                        0x00000000   Number         0  libinit.o ABSOLUTE
    ../clib/libinit.s                        0x00000000   Number         0  libinit2.o ABSOLUTE
    ../clib/libinit.s                        0x00000000   Number         0  libshutdown.o ABSOLUTE
    ../clib/libinit.s                        0x00000000   Number         0  libshutdown2.o ABSOLUTE
    ../clib/memcpset.s                       0x00000000   Number         0  rt_memclr_w.o ABSOLUTE
    ../clib/signal.c                         0x00000000   Number         0  defsig_rtmem_outer.o ABSOLUTE
    ../clib/signal.c                         0x00000000   Number         0  defsig_rtmem_formal.o ABSOLUTE
    ../clib/signal.c                         0x00000000   Number         0  defsig_exit.o ABSOLUTE
    ../clib/signal.c                         0x00000000   Number         0  defsig_rtmem_inner.o ABSOLUTE
    ../clib/signal.c                         0x00000000   Number         0  __raise.o ABSOLUTE
    ../clib/signal.c                         0x00000000   Number         0  defsig_general.o ABSOLUTE
    ../clib/signal.c                         0x00000000   Number         0  defsig_abrt_inner.o ABSOLUTE
    ../clib/signal.c                         0x00000000   Number         0  defsig_fpe_inner.o ABSOLUTE
    ../clib/signal.c                         0x00000000   Number         0  defsig_rtred_inner.o ABSOLUTE
    ../clib/signal.c                         0x00000000   Number         0  defsig_stak_inner.o ABSOLUTE
    ../clib/signal.c                         0x00000000   Number         0  defsig_pvfn_inner.o ABSOLUTE
    ../clib/signal.c                         0x00000000   Number         0  defsig_cppl_inner.o ABSOLUTE
    ../clib/signal.c                         0x00000000   Number         0  defsig_segv_inner.o ABSOLUTE
    ../clib/signal.c                         0x00000000   Number         0  defsig_other.o ABSOLUTE
    ../clib/signal.s                         0x00000000   Number         0  defsig.o ABSOLUTE
    ../clib/stdlib.c                         0x00000000   Number         0  exit.o ABSOLUTE
    ../fplib/fpinit.s                        0x00000000   Number         0  fpinit.o ABSOLUTE
    RTE\Device\ARMCM33_DSP_FP_TZ\startup_ARMCM33.S 0x00000000   Number         0  startup_armcm33.o ABSOLUTE
    dc.s                                     0x00000000   Number         0  dc.o ABSOLUTE
    main_s.c                                 0x00000000   Number         0  main_s.o ABSOLUTE
    nsc_functions.c                          0x00000000   Number         0  nsc_functions.o ABSOLUTE
    secure_context.c                         0x00000000   Number         0  secure_context.o ABSOLUTE
    secure_context_port.c                    0x00000000   Number         0  secure_context_port.o ABSOLUTE
    secure_heap.c                            0x00000000   Number         0  secure_heap.o ABSOLUTE
    secure_init.c                            0x00000000   Number         0  secure_init.o ABSOLUTE
    system_ARMCM33.c                         0x00000000   Number         0  system_armcm33.o ABSOLUTE
    RESET                                    0x00000000   Section      192  startup_armcm33.o(RESET)
    !!!main                                  0x000000c0   Section        8  __main.o(!!!main)
    !!!scatter                               0x000000c8   Section       52  __scatter.o(!!!scatter)
    !!handler_copy                           0x000000fc   Section       26  __scatter_copy.o(!!handler_copy)
    !!handler_zi                             0x00000118   Section       28  __scatter_zi.o(!!handler_zi)
    .ARM.Collect$$libinit$$00000000          0x00000134   Section        2  libinit.o(.ARM.Collect$$libinit$$00000000)
    .ARM.Collect$$libinit$$00000001          0x00000136   Section        4  libinit2.o(.ARM.Collect$$libinit$$00000001)
    .ARM.Collect$$libinit$$00000004          0x0000013a   Section        0  libinit2.o(.ARM.Collect$$libinit$$00000004)
    .ARM.Collect$$libinit$$0000000A          0x0000013a   Section        0  libinit2.o(.ARM.Collect$$libinit$$0000000A)
    .ARM.Collect$$libinit$$0000000C          0x0000013a   Section        0  libinit2.o(.ARM.Collect$$libinit$$0000000C)
    .ARM.Collect$$libinit$$0000000E          0x0000013a   Section        0  libinit2.o(.ARM.Collect$$libinit$$0000000E)
    .ARM.Collect$$libinit$$00000011          0x0000013a   Section        0  libinit2.o(.ARM.Collect$$libinit$$00000011)
    .ARM.Collect$$libinit$$00000013          0x0000013a   Section        0  libinit2.o(.ARM.Collect$$libinit$$00000013)
    .ARM.Collect$$libinit$$00000015          0x0000013a   Section        0  libinit2.o(.ARM.Collect$$libinit$$00000015)
    .ARM.Collect$$libinit$$00000017          0x0000013a   Section        0  libinit2.o(.ARM.Collect$$libinit$$00000017)
    .ARM.Collect$$libinit$$00000019          0x0000013a   Section        0  libinit2.o(.ARM.Collect$$libinit$$00000019)
    .ARM.Collect$$libinit$$0000001B          0x0000013a   Section        0  libinit2.o(.ARM.Collect$$libinit$$0000001B)
    .ARM.Collect$$libinit$$0000001D          0x0000013a   Section        0  libinit2.o(.ARM.Collect$$libinit$$0000001D)
    .ARM.Collect$$libinit$$0000001F          0x0000013a   Section        0  libinit2.o(.ARM.Collect$$libinit$$0000001F)
    .ARM.Collect$$libinit$$00000021          0x0000013a   Section        0  libinit2.o(.ARM.Collect$$libinit$$00000021)
    .ARM.Collect$$libinit$$00000023          0x0000013a   Section        0  libinit2.o(.ARM.Collect$$libinit$$00000023)
    .ARM.Collect$$libinit$$00000025          0x0000013a   Section        0  libinit2.o(.ARM.Collect$$libinit$$00000025)
    .ARM.Collect$$libinit$$0000002C          0x0000013a   Section        0  libinit2.o(.ARM.Collect$$libinit$$0000002C)
    .ARM.Collect$$libinit$$0000002E          0x0000013a   Section        0  libinit2.o(.ARM.Collect$$libinit$$0000002E)
    .ARM.Collect$$libinit$$00000030          0x0000013a   Section        0  libinit2.o(.ARM.Collect$$libinit$$00000030)
    .ARM.Collect$$libinit$$00000032          0x0000013a   Section        0  libinit2.o(.ARM.Collect$$libinit$$00000032)
    .ARM.Collect$$libinit$$00000033          0x0000013a   Section        2  libinit2.o(.ARM.Collect$$libinit$$00000033)
    .ARM.Collect$$libshutdown$$00000000      0x0000013c   Section        2  libshutdown.o(.ARM.Collect$$libshutdown$$00000000)
    .ARM.Collect$$libshutdown$$00000002      0x0000013e   Section        0  libshutdown2.o(.ARM.Collect$$libshutdown$$00000002)
    .ARM.Collect$$libshutdown$$00000004      0x0000013e   Section        0  libshutdown2.o(.ARM.Collect$$libshutdown$$00000004)
    .ARM.Collect$$libshutdown$$00000007      0x0000013e   Section        0  libshutdown2.o(.ARM.Collect$$libshutdown$$00000007)
    .ARM.Collect$$libshutdown$$0000000A      0x0000013e   Section        0  libshutdown2.o(.ARM.Collect$$libshutdown$$0000000A)
    .ARM.Collect$$libshutdown$$0000000C      0x0000013e   Section        0  libshutdown2.o(.ARM.Collect$$libshutdown$$0000000C)
    .ARM.Collect$$libshutdown$$0000000F      0x0000013e   Section        0  libshutdown2.o(.ARM.Collect$$libshutdown$$0000000F)
    .ARM.Collect$$libshutdown$$00000010      0x0000013e   Section        2  libshutdown2.o(.ARM.Collect$$libshutdown$$00000010)
    .ARM.Collect$$rtentry$$00000000          0x00000140   Section        0  __rtentry.o(.ARM.Collect$$rtentry$$00000000)
    .ARM.Collect$$rtentry$$00000002          0x00000140   Section        0  __rtentry2.o(.ARM.Collect$$rtentry$$00000002)
    .ARM.Collect$$rtentry$$00000004          0x00000140   Section        6  __rtentry4.o(.ARM.Collect$$rtentry$$00000004)
    .ARM.Collect$$rtentry$$00000009          0x00000146   Section        0  __rtentry2.o(.ARM.Collect$$rtentry$$00000009)
    .ARM.Collect$$rtentry$$0000000A          0x00000146   Section        4  __rtentry2.o(.ARM.Collect$$rtentry$$0000000A)
    .ARM.Collect$$rtentry$$0000000C          0x0000014a   Section        0  __rtentry2.o(.ARM.Collect$$rtentry$$0000000C)
    .ARM.Collect$$rtentry$$0000000D          0x0000014a   Section        8  __rtentry2.o(.ARM.Collect$$rtentry$$0000000D)
    .ARM.Collect$$rtexit$$00000000           0x00000152   Section        2  rtexit.o(.ARM.Collect$$rtexit$$00000000)
    .ARM.Collect$$rtexit$$00000002           0x00000154   Section        0  rtexit2.o(.ARM.Collect$$rtexit$$00000002)
    .ARM.Collect$$rtexit$$00000003           0x00000154   Section        4  rtexit2.o(.ARM.Collect$$rtexit$$00000003)
    .ARM.Collect$$rtexit$$00000004           0x00000158   Section        6  rtexit2.o(.ARM.Collect$$rtexit$$00000004)
    $v0                                      0x00000160   Number         0  startup_armcm33.o(.text)
    .text                                    0x00000160   Section       68  startup_armcm33.o(.text)
    .text                                    0x000001a4   Section       78  rt_memclr_w.o(.text)
    .text                                    0x000001f2   Section        0  heapauxi.o(.text)
    .text                                    0x000001f8   Section       74  sys_stackheap_outer.o(.text)
    .text                                    0x00000242   Section        0  exit.o(.text)
    .text                                    0x00000254   Section        8  libspace.o(.text)
    .text                                    0x0000025c   Section        0  sys_exit.o(.text)
    .text                                    0x00000268   Section        2  use_no_semi.o(.text)
    .text                                    0x0000026a   Section        0  indicate_semi.o(.text)
    [Anonymous Symbol]                       0x0000026c   Section        0  main_s.o(.text.BootNonSecure)
    __tagsym$$used.0                         0x000002b0   Number         0  nsc_functions.o(.text.NSCFunction)
    [Anonymous Symbol]                       0x000002b0   Section        0  nsc_functions.o(.text.NSCFunction)
    __tagsym$$used.1                         0x00000348   Number         0  secure_context.o(.text.SecureContext_AllocateContext)
    [Anonymous Symbol]                       0x00000348   Section        0  secure_context.o(.text.SecureContext_AllocateContext)
    __tagsym$$used.2                         0x00000404   Number         0  secure_context.o(.text.SecureContext_FreeContext)
    [Anonymous Symbol]                       0x00000404   Section        0  secure_context.o(.text.SecureContext_FreeContext)
    __tagsym$$used.0                         0x00000480   Number         0  secure_context.o(.text.SecureContext_Init)
    [Anonymous Symbol]                       0x00000480   Section        0  secure_context.o(.text.SecureContext_Init)
    __tagsym$$used.3                         0x00000504   Number         0  secure_context.o(.text.SecureContext_LoadContext)
    [Anonymous Symbol]                       0x00000504   Section        0  secure_context.o(.text.SecureContext_LoadContext)
    [Anonymous Symbol]                       0x00000578   Section        0  secure_context_port.o(.text.SecureContext_LoadContextAsm)
    load_ctx_therad_mode                     0x0000058e   Number         0  secure_context_port.o(.text.SecureContext_LoadContextAsm)
    __tagsym$$used.4                         0x00000590   Number         0  secure_context.o(.text.SecureContext_SaveContext)
    [Anonymous Symbol]                       0x00000590   Section        0  secure_context.o(.text.SecureContext_SaveContext)
    [Anonymous Symbol]                       0x00000608   Section        0  secure_context_port.o(.text.SecureContext_SaveContextAsm)
    save_ctx_therad_mode                     0x0000062e   Number         0  secure_context_port.o(.text.SecureContext_SaveContextAsm)
    __tagsym$$used.0                         0x00000630   Number         0  secure_init.o(.text.SecureInit_DePrioritizeNSExceptions)
    [Anonymous Symbol]                       0x00000630   Section        0  secure_init.o(.text.SecureInit_DePrioritizeNSExceptions)
    __tagsym$$used.1                         0x000006a0   Number         0  secure_init.o(.text.SecureInit_EnableNSFPUAccess)
    [Anonymous Symbol]                       0x000006a0   Section        0  secure_init.o(.text.SecureInit_EnableNSFPUAccess)
    [Anonymous Symbol]                       0x00000718   Section        0  system_armcm33.o(.text.SystemInit)
    TZ_SAU_Setup                             0x00000751   Thumb Code   168  system_armcm33.o(.text.TZ_SAU_Setup)
    [Anonymous Symbol]                       0x00000750   Section        0  system_armcm33.o(.text.TZ_SAU_Setup)
    [Anonymous Symbol]                       0x000007f8   Section        0  main_s.o(.text.main)
    prvHeapInit                              0x00000805   Thumb Code   118  secure_heap.o(.text.prvHeapInit)
    [Anonymous Symbol]                       0x00000804   Section        0  secure_heap.o(.text.prvHeapInit)
    prvInsertBlockIntoFreeList               0x0000087d   Thumb Code    90  secure_heap.o(.text.prvInsertBlockIntoFreeList)
    [Anonymous Symbol]                       0x0000087c   Section        0  secure_heap.o(.text.prvInsertBlockIntoFreeList)
    [Anonymous Symbol]                       0x000008d8   Section        0  secure_heap.o(.text.pvPortMalloc)
    ulGetSecureContext                       0x000009f9   Thumb Code    90  secure_context.o(.text.ulGetSecureContext)
    [Anonymous Symbol]                       0x000009f8   Section        0  secure_context.o(.text.ulGetSecureContext)
    [Anonymous Symbol]                       0x00000a54   Section        0  secure_heap.o(.text.vPortFree)
    vReturnSecureContext                     0x00000ac9   Thumb Code    26  secure_context.o(.text.vReturnSecureContext)
    [Anonymous Symbol]                       0x00000ac8   Section        0  secure_context.o(.text.vReturnSecureContext)
    $v0                                      0x00000b40   Number         0  fpinit.o(x$fpl$fpinit)
    x$fpl$fpinit                             0x00000b40   Section       26  fpinit.o(x$fpl$fpinit)
    .bss                                     0x20000008   Section       96  libspace.o(.bss)
    SecureContext_Init.ulSecureContextsInitialized 0x20000068   Data           1  secure_context.o(.bss.SecureContext_Init.ulSecureContextsInitialized)
    [Anonymous Symbol]                       0x20000068   Section        0  secure_context.o(.bss.SecureContext_Init.ulSecureContextsInitialized)
    pxEnd                                    0x2000006c   Data           4  secure_heap.o(.bss.pxEnd)
    [Anonymous Symbol]                       0x2000006c   Section        0  secure_heap.o(.bss.pxEnd)
    ucHeap                                   0x20000070   Data       10240  secure_heap.o(.bss.ucHeap)
    [Anonymous Symbol]                       0x20000070   Section        0  secure_heap.o(.bss.ucHeap)
    ulSecureCounter                          0x20002870   Data           4  nsc_functions.o(.bss.ulSecureCounter)
    [Anonymous Symbol]                       0x20002870   Section        0  nsc_functions.o(.bss.ulSecureCounter)
    xBlockAllocatedBit                       0x20002874   Data           1  secure_heap.o(.bss.xBlockAllocatedBit)
    [Anonymous Symbol]                       0x20002874   Section        0  secure_heap.o(.bss.xBlockAllocatedBit)
    xFreeBytesRemaining                      0x20002878   Data           4  secure_heap.o(.bss.xFreeBytesRemaining)
    [Anonymous Symbol]                       0x20002878   Section        0  secure_heap.o(.bss.xFreeBytesRemaining)
    xMinimumEverFreeBytesRemaining           0x2000287c   Data           4  secure_heap.o(.bss.xMinimumEverFreeBytesRemaining)
    [Anonymous Symbol]                       0x2000287c   Section        0  secure_heap.o(.bss.xMinimumEverFreeBytesRemaining)
    xStart                                   0x20002900   Data           8  secure_heap.o(.bss.xStart)
    [Anonymous Symbol]                       0x20002900   Section        0  secure_heap.o(.bss.xStart)
    Heap_Mem                                 0x20002908   Data        3072  startup_armcm33.o(HEAP)
    HEAP                                     0x20002908   Section     3072  startup_armcm33.o(HEAP)
    Stack_Mem                                0x20003508   Data        1024  startup_armcm33.o(STACK)
    STACK                                    0x20003508   Section     1024  startup_armcm33.o(STACK)
    __initial_sp                             0x20003908   Data           0  startup_armcm33.o(STACK)

    Global Symbols

    Symbol Name                              Value     Ov Type        Size  Object(Section)

    BuildAttributes$$THM_ISAv4$E$P$D$K$B$S$7EM$8M$VFPi5$EXTD16$VFPS$VFMA$PE$A:L22UL41UL21$X:L11$S22US41US21$IEEE1$IW$~IW$USESV6$~STKCKD$USESV7$~SHL$OTIME$ROPI$EBA8$UX$STANDARDLIB$REQ8$PRES8$EABIv2 0x00000000   Number         0  anon$$obj.o ABSOLUTE
    __Vectors                                0x00000000   Data           4  startup_armcm33.o(RESET)
    __ARM_exceptions_init                     - Undefined Weak Reference
    __alloca_initialize                       - Undefined Weak Reference
    __arm_preinit_                            - Undefined Weak Reference
    __cpp_initialize__aeabi_                  - Undefined Weak Reference
    __cxa_finalize                            - Undefined Weak Reference
    __rt_locale                               - Undefined Weak Reference
    __sigvec_lookup                           - Undefined Weak Reference
    _atexit_init                              - Undefined Weak Reference
    _call_atexit_fns                          - Undefined Weak Reference
    _clock_init                               - Undefined Weak Reference
    _fp_trap_init                             - Undefined Weak Reference
    _fp_trap_shutdown                         - Undefined Weak Reference
    _get_lc_collate                           - Undefined Weak Reference
    _get_lc_ctype                             - Undefined Weak Reference
    _get_lc_monetary                          - Undefined Weak Reference
    _get_lc_numeric                           - Undefined Weak Reference
    _get_lc_time                              - Undefined Weak Reference
    _getenv_init                              - Undefined Weak Reference
    _handle_redirection                       - Undefined Weak Reference
    _init_alloc                               - Undefined Weak Reference
    _init_user_alloc                          - Undefined Weak Reference
    _initio                                   - Undefined Weak Reference
    _rand_init                                - Undefined Weak Reference
    _signal_finish                            - Undefined Weak Reference
    _signal_init                              - Undefined Weak Reference
    _terminate_alloc                          - Undefined Weak Reference
    _terminate_user_alloc                     - Undefined Weak Reference
    _terminateio                              - Undefined Weak Reference
    __Vectors_End                            0x000000c0   Data           0  startup_armcm33.o(RESET)
    __Vectors_Size                           0x000000c0   Number         0  startup_armcm33.o ABSOLUTE
    __main                                   0x000000c1   Thumb Code     8  __main.o(!!!main)
    __scatterload                            0x000000c9   Thumb Code     0  __scatter.o(!!!scatter)
    __scatterload_rt2                        0x000000c9   Thumb Code    44  __scatter.o(!!!scatter)
    __scatterload_rt2_thumb_only             0x000000c9   Thumb Code     0  __scatter.o(!!!scatter)
    __scatterload_null                       0x000000d7   Thumb Code     0  __scatter.o(!!!scatter)
    __scatterload_copy                       0x000000fd   Thumb Code    26  __scatter_copy.o(!!handler_copy)
    __scatterload_zeroinit                   0x00000119   Thumb Code    28  __scatter_zi.o(!!handler_zi)
    __rt_lib_init                            0x00000135   Thumb Code     0  libinit.o(.ARM.Collect$$libinit$$00000000)
    __rt_lib_init_fp_1                       0x00000137   Thumb Code     0  libinit2.o(.ARM.Collect$$libinit$$00000001)
    __rt_lib_init_alloca_1                   0x0000013b   Thumb Code     0  libinit2.o(.ARM.Collect$$libinit$$0000002E)
    __rt_lib_init_argv_1                     0x0000013b   Thumb Code     0  libinit2.o(.ARM.Collect$$libinit$$0000002C)
    __rt_lib_init_atexit_1                   0x0000013b   Thumb Code     0  libinit2.o(.ARM.Collect$$libinit$$0000001B)
    __rt_lib_init_clock_1                    0x0000013b   Thumb Code     0  libinit2.o(.ARM.Collect$$libinit$$00000021)
    __rt_lib_init_cpp_1                      0x0000013b   Thumb Code     0  libinit2.o(.ARM.Collect$$libinit$$00000032)
    __rt_lib_init_exceptions_1               0x0000013b   Thumb Code     0  libinit2.o(.ARM.Collect$$libinit$$00000030)
    __rt_lib_init_fp_trap_1                  0x0000013b   Thumb Code     0  libinit2.o(.ARM.Collect$$libinit$$0000001F)
    __rt_lib_init_getenv_1                   0x0000013b   Thumb Code     0  libinit2.o(.ARM.Collect$$libinit$$00000023)
    __rt_lib_init_heap_1                     0x0000013b   Thumb Code     0  libinit2.o(.ARM.Collect$$libinit$$0000000A)
    __rt_lib_init_lc_collate_1               0x0000013b   Thumb Code     0  libinit2.o(.ARM.Collect$$libinit$$00000011)
    __rt_lib_init_lc_ctype_1                 0x0000013b   Thumb Code     0  libinit2.o(.ARM.Collect$$libinit$$00000013)
    __rt_lib_init_lc_monetary_1              0x0000013b   Thumb Code     0  libinit2.o(.ARM.Collect$$libinit$$00000015)
    __rt_lib_init_lc_numeric_1               0x0000013b   Thumb Code     0  libinit2.o(.ARM.Collect$$libinit$$00000017)
    __rt_lib_init_lc_time_1                  0x0000013b   Thumb Code     0  libinit2.o(.ARM.Collect$$libinit$$00000019)
    __rt_lib_init_preinit_1                  0x0000013b   Thumb Code     0  libinit2.o(.ARM.Collect$$libinit$$00000004)
    __rt_lib_init_rand_1                     0x0000013b   Thumb Code     0  libinit2.o(.ARM.Collect$$libinit$$0000000E)
    __rt_lib_init_return                     0x0000013b   Thumb Code     0  libinit2.o(.ARM.Collect$$libinit$$00000033)
    __rt_lib_init_signal_1                   0x0000013b   Thumb Code     0  libinit2.o(.ARM.Collect$$libinit$$0000001D)
    __rt_lib_init_stdio_1                    0x0000013b   Thumb Code     0  libinit2.o(.ARM.Collect$$libinit$$00000025)
    __rt_lib_init_user_alloc_1               0x0000013b   Thumb Code     0  libinit2.o(.ARM.Collect$$libinit$$0000000C)
    __rt_lib_shutdown                        0x0000013d   Thumb Code     0  libshutdown.o(.ARM.Collect$$libshutdown$$00000000)
    __rt_lib_shutdown_cpp_1                  0x0000013f   Thumb Code     0  libshutdown2.o(.ARM.Collect$$libshutdown$$00000002)
    __rt_lib_shutdown_fp_trap_1              0x0000013f   Thumb Code     0  libshutdown2.o(.ARM.Collect$$libshutdown$$00000007)
    __rt_lib_shutdown_heap_1                 0x0000013f   Thumb Code     0  libshutdown2.o(.ARM.Collect$$libshutdown$$0000000F)
    __rt_lib_shutdown_return                 0x0000013f   Thumb Code     0  libshutdown2.o(.ARM.Collect$$libshutdown$$00000010)
    __rt_lib_shutdown_signal_1               0x0000013f   Thumb Code     0  libshutdown2.o(.ARM.Collect$$libshutdown$$0000000A)
    __rt_lib_shutdown_stdio_1                0x0000013f   Thumb Code     0  libshutdown2.o(.ARM.Collect$$libshutdown$$00000004)
    __rt_lib_shutdown_user_alloc_1           0x0000013f   Thumb Code     0  libshutdown2.o(.ARM.Collect$$libshutdown$$0000000C)
    __rt_entry                               0x00000141   Thumb Code     0  __rtentry.o(.ARM.Collect$$rtentry$$00000000)
    __rt_entry_presh_1                       0x00000141   Thumb Code     0  __rtentry2.o(.ARM.Collect$$rtentry$$00000002)
    __rt_entry_sh                            0x00000141   Thumb Code     0  __rtentry4.o(.ARM.Collect$$rtentry$$00000004)
    __rt_entry_li                            0x00000147   Thumb Code     0  __rtentry2.o(.ARM.Collect$$rtentry$$0000000A)
    __rt_entry_postsh_1                      0x00000147   Thumb Code     0  __rtentry2.o(.ARM.Collect$$rtentry$$00000009)
    __rt_entry_main                          0x0000014b   Thumb Code     0  __rtentry2.o(.ARM.Collect$$rtentry$$0000000D)
    __rt_entry_postli_1                      0x0000014b   Thumb Code     0  __rtentry2.o(.ARM.Collect$$rtentry$$0000000C)
    __rt_exit                                0x00000153   Thumb Code     0  rtexit.o(.ARM.Collect$$rtexit$$00000000)
    __rt_exit_ls                             0x00000155   Thumb Code     0  rtexit2.o(.ARM.Collect$$rtexit$$00000003)
    __rt_exit_prels_1                        0x00000155   Thumb Code     0  rtexit2.o(.ARM.Collect$$rtexit$$00000002)
    __rt_exit_exit                           0x00000159   Thumb Code     0  rtexit2.o(.ARM.Collect$$rtexit$$00000004)
    Reset_Handler                            0x00000161   Thumb Code     8  startup_armcm33.o(.text)
    NMI_Handler                              0x00000169   Thumb Code     2  startup_armcm33.o(.text)
    HardFault_Handler                        0x0000016b   Thumb Code     2  startup_armcm33.o(.text)
    MemManage_Handler                        0x0000016d   Thumb Code     2  startup_armcm33.o(.text)
    BusFault_Handler                         0x0000016f   Thumb Code     2  startup_armcm33.o(.text)
    UsageFault_Handler                       0x00000171   Thumb Code     2  startup_armcm33.o(.text)
    SecureFault_Handler                      0x00000173   Thumb Code     2  startup_armcm33.o(.text)
    SVC_Handler                              0x00000175   Thumb Code     2  startup_armcm33.o(.text)
    DebugMon_Handler                         0x00000177   Thumb Code     2  startup_armcm33.o(.text)
    PendSV_Handler                           0x00000179   Thumb Code     2  startup_armcm33.o(.text)
    SysTick_Handler                          0x0000017b   Thumb Code     2  startup_armcm33.o(.text)
    AACI_IRQHandler                          0x0000017d   Thumb Code     0  startup_armcm33.o(.text)
    CAN_IRQHandler                           0x0000017d   Thumb Code     0  startup_armcm33.o(.text)
    CHLCD_IRQHandler                         0x0000017d   Thumb Code     0  startup_armcm33.o(.text)
    CLCD_IRQHandler                          0x0000017d   Thumb Code     0  startup_armcm33.o(.text)
    CPU_CLCD_IRQHandler                      0x0000017d   Thumb Code     0  startup_armcm33.o(.text)
    ENET_IRQHandler                          0x0000017d   Thumb Code     0  startup_armcm33.o(.text)
    FLEXRAY_IRQHandler                       0x0000017d   Thumb Code     0  startup_armcm33.o(.text)
    I2C_IRQHandler                           0x0000017d   Thumb Code     0  startup_armcm33.o(.text)
    LIN_IRQHandler                           0x0000017d   Thumb Code     0  startup_armcm33.o(.text)
    MCIA_IRQHandler                          0x0000017d   Thumb Code     0  startup_armcm33.o(.text)
    MCIB_IRQHandler                          0x0000017d   Thumb Code     0  startup_armcm33.o(.text)
    RTC_IRQHandler                           0x0000017d   Thumb Code     0  startup_armcm33.o(.text)
    SPI_IRQHandler                           0x0000017d   Thumb Code     0  startup_armcm33.o(.text)
    TIM0_IRQHandler                          0x0000017d   Thumb Code     0  startup_armcm33.o(.text)
    TIM2_IRQHandler                          0x0000017d   Thumb Code     0  startup_armcm33.o(.text)
    UART0_IRQHandler                         0x0000017d   Thumb Code     0  startup_armcm33.o(.text)
    UART1_IRQHandler                         0x0000017d   Thumb Code     0  startup_armcm33.o(.text)
    UART2_IRQHandler                         0x0000017d   Thumb Code     0  startup_armcm33.o(.text)
    UART3_IRQHandler                         0x0000017d   Thumb Code     0  startup_armcm33.o(.text)
    UART4_IRQHandler                         0x0000017d   Thumb Code     0  startup_armcm33.o(.text)
    USBDC_IRQHandler                         0x0000017d   Thumb Code     0  startup_armcm33.o(.text)
    USBHC_IRQHandler                         0x0000017d   Thumb Code     0  startup_armcm33.o(.text)
    WDT_IRQHandler                           0x0000017d   Thumb Code     0  startup_armcm33.o(.text)
    __user_initial_stackheap                 0x00000181   Thumb Code    10  startup_armcm33.o(.text)
    __aeabi_memclr4                          0x000001a5   Thumb Code     0  rt_memclr_w.o(.text)
    __aeabi_memclr8                          0x000001a5   Thumb Code     0  rt_memclr_w.o(.text)
    __rt_memclr_w                            0x000001a5   Thumb Code     0  rt_memclr_w.o(.text)
    _memset_w                                0x000001a9   Thumb Code    74  rt_memclr_w.o(.text)
    __use_two_region_memory                  0x000001f3   Thumb Code     2  heapauxi.o(.text)
    __rt_heap_escrow$2region                 0x000001f5   Thumb Code     2  heapauxi.o(.text)
    __rt_heap_expand$2region                 0x000001f7   Thumb Code     2  heapauxi.o(.text)
    __user_setup_stackheap                   0x000001f9   Thumb Code    74  sys_stackheap_outer.o(.text)
    exit                                     0x00000243   Thumb Code    18  exit.o(.text)
    __user_libspace                          0x00000255   Thumb Code     8  libspace.o(.text)
    __user_perproc_libspace                  0x00000255   Thumb Code     0  libspace.o(.text)
    __user_perthread_libspace                0x00000255   Thumb Code     0  libspace.o(.text)
    _sys_exit                                0x0000025d   Thumb Code     8  sys_exit.o(.text)
    __I$use$semihosting                      0x00000269   Thumb Code     0  use_no_semi.o(.text)
    __use_no_semihosting_swi                 0x00000269   Thumb Code     2  use_no_semi.o(.text)
    __semihosting_library_function           0x0000026b   Thumb Code     0  indicate_semi.o(.text)
    BootNonSecure                            0x0000026d   Thumb Code    66  main_s.o(.text.BootNonSecure)
    __acle_se_NSCFunction                    0x000002b1   Thumb Code     0  nsc_functions.o(.text.NSCFunction)
    __acle_se_SecureContext_AllocateContext  0x00000349   Thumb Code     0  secure_context.o(.text.SecureContext_AllocateContext)
    __acle_se_SecureContext_FreeContext      0x00000405   Thumb Code     0  secure_context.o(.text.SecureContext_FreeContext)
    __acle_se_SecureContext_Init             0x00000481   Thumb Code     0  secure_context.o(.text.SecureContext_Init)
    __acle_se_SecureContext_LoadContext      0x00000505   Thumb Code     0  secure_context.o(.text.SecureContext_LoadContext)
    SecureContext_LoadContextAsm             0x00000579   Thumb Code    24  secure_context_port.o(.text.SecureContext_LoadContextAsm)
    __acle_se_SecureContext_SaveContext      0x00000591   Thumb Code     0  secure_context.o(.text.SecureContext_SaveContext)
    SecureContext_SaveContextAsm             0x00000609   Thumb Code    40  secure_context_port.o(.text.SecureContext_SaveContextAsm)
    __acle_se_SecureInit_DePrioritizeNSExceptions 0x00000631   Thumb Code     0  secure_init.o(.text.SecureInit_DePrioritizeNSExceptions)
    __acle_se_SecureInit_EnableNSFPUAccess   0x000006a1   Thumb Code     0  secure_init.o(.text.SecureInit_EnableNSFPUAccess)
    SystemInit                               0x00000719   Thumb Code    54  system_armcm33.o(.text.SystemInit)
    main                                     0x000007f9   Thumb Code    10  main_s.o(.text.main)
    pvPortMalloc                             0x000008d9   Thumb Code   286  secure_heap.o(.text.pvPortMalloc)
    vPortFree                                0x00000a55   Thumb Code   116  secure_heap.o(.text.vPortFree)
    SecureContext_AllocateContext            0x00000b01   Thumb Code     8  anon$$obj.o(Veneer$$CMSE)
    SecureContext_FreeContext                0x00000b09   Thumb Code     8  anon$$obj.o(Veneer$$CMSE)
    SecureContext_Init                       0x00000b11   Thumb Code     8  anon$$obj.o(Veneer$$CMSE)
    SecureContext_LoadContext                0x00000b19   Thumb Code     8  anon$$obj.o(Veneer$$CMSE)
    SecureContext_SaveContext                0x00000b21   Thumb Code     8  anon$$obj.o(Veneer$$CMSE)
    SecureInit_DePrioritizeNSExceptions      0x00000b29   Thumb Code     8  anon$$obj.o(Veneer$$CMSE)
    SecureInit_EnableNSFPUAccess             0x00000b31   Thumb Code     8  anon$$obj.o(Veneer$$CMSE)
    NSCFunction                              0x00000b39   Thumb Code     8  anon$$obj.o(Veneer$$CMSE)
    _fp_init                                 0x00000b41   Thumb Code    26  fpinit.o(x$fpl$fpinit)
    __fplib_config_fpu_vfp                   0x00000b59   Thumb Code     0  fpinit.o(x$fpl$fpinit)
    __fplib_config_pureend_doubles           0x00000b59   Thumb Code     0  fpinit.o(x$fpl$fpinit)
    Region$$Table$$Base                      0x00000b5c   Number         0  anon$$obj.o(Region$$Table)
    Region$$Table$$Limit                     0x00000b7c   Number         0  anon$$obj.o(Region$$Table)
    SystemCoreClock                          0x20000000   Data           4  system_armcm33.o(.data.SystemCoreClock)
    __libspace_start                         0x20000008   Data          96  libspace.o(.bss)
    __temporary_stack_top$libspace           0x20000068   Data           0  libspace.o(.bss)
    xSecureContexts                          0x20002880   Data         128  secure_context.o(.bss.xSecureContexts)



==============================================================================

Memory Map of the image

  Image Entry point : 0x000000c1

  Load Region LR_IROM_S (Base: 0x00000000, Size: 0x00000b88, Max: 0x00200000, ABSOLUTE)

    Execution Region ER_IROM_S (Exec base: 0x00000000, Load base: 0x00000000, Size: 0x00000b7c, Max: 0xffffffff, ABSOLUTE)

    Exec Addr    Load Addr    Size         Type   Attr      Idx    E Section Name        Object

    0x00000000   0x00000000   0x000000c0   Data   RO           99    RESET               startup_armcm33.o
    0x000000c0   0x000000c0   0x00000008   Code   RO          126  * !!!main             c_w.l(__main.o)
    0x000000c8   0x000000c8   0x00000034   Code   RO          290    !!!scatter          c_w.l(__scatter.o)
    0x000000fc   0x000000fc   0x0000001a   Code   RO          292    !!handler_copy      c_w.l(__scatter_copy.o)
    0x00000116   0x00000116   0x00000002   PAD
    0x00000118   0x00000118   0x0000001c   Code   RO          294    !!handler_zi        c_w.l(__scatter_zi.o)
    0x00000134   0x00000134   0x00000002   Code   RO          153    .ARM.Collect$$libinit$$00000000  c_w.l(libinit.o)
    0x00000136   0x00000136   0x00000004   Code   RO          159    .ARM.Collect$$libinit$$00000001  c_w.l(libinit2.o)
    0x0000013a   0x0000013a   0x00000000   Code   RO          162    .ARM.Collect$$libinit$$00000004  c_w.l(libinit2.o)
    0x0000013a   0x0000013a   0x00000000   Code   RO          165    .ARM.Collect$$libinit$$0000000A  c_w.l(libinit2.o)
    0x0000013a   0x0000013a   0x00000000   Code   RO          167    .ARM.Collect$$libinit$$0000000C  c_w.l(libinit2.o)
    0x0000013a   0x0000013a   0x00000000   Code   RO          169    .ARM.Collect$$libinit$$0000000E  c_w.l(libinit2.o)
    0x0000013a   0x0000013a   0x00000000   Code   RO          172    .ARM.Collect$$libinit$$00000011  c_w.l(libinit2.o)
    0x0000013a   0x0000013a   0x00000000   Code   RO          174    .ARM.Collect$$libinit$$00000013  c_w.l(libinit2.o)
    0x0000013a   0x0000013a   0x00000000   Code   RO          176    .ARM.Collect$$libinit$$00000015  c_w.l(libinit2.o)
    0x0000013a   0x0000013a   0x00000000   Code   RO          178    .ARM.Collect$$libinit$$00000017  c_w.l(libinit2.o)
    0x0000013a   0x0000013a   0x00000000   Code   RO          180    .ARM.Collect$$libinit$$00000019  c_w.l(libinit2.o)
    0x0000013a   0x0000013a   0x00000000   Code   RO          182    .ARM.Collect$$libinit$$0000001B  c_w.l(libinit2.o)
    0x0000013a   0x0000013a   0x00000000   Code   RO          184    .ARM.Collect$$libinit$$0000001D  c_w.l(libinit2.o)
    0x0000013a   0x0000013a   0x00000000   Code   RO          186    .ARM.Collect$$libinit$$0000001F  c_w.l(libinit2.o)
    0x0000013a   0x0000013a   0x00000000   Code   RO          188    .ARM.Collect$$libinit$$00000021  c_w.l(libinit2.o)
    0x0000013a   0x0000013a   0x00000000   Code   RO          190    .ARM.Collect$$libinit$$00000023  c_w.l(libinit2.o)
    0x0000013a   0x0000013a   0x00000000   Code   RO          192    .ARM.Collect$$libinit$$00000025  c_w.l(libinit2.o)
    0x0000013a   0x0000013a   0x00000000   Code   RO          196    .ARM.Collect$$libinit$$0000002C  c_w.l(libinit2.o)
    0x0000013a   0x0000013a   0x00000000   Code   RO          198    .ARM.Collect$$libinit$$0000002E  c_w.l(libinit2.o)
    0x0000013a   0x0000013a   0x00000000   Code   RO          200    .ARM.Collect$$libinit$$00000030  c_w.l(libinit2.o)
    0x0000013a   0x0000013a   0x00000000   Code   RO          202    .ARM.Collect$$libinit$$00000032  c_w.l(libinit2.o)
    0x0000013a   0x0000013a   0x00000002   Code   RO          203    .ARM.Collect$$libinit$$00000033  c_w.l(libinit2.o)
    0x0000013c   0x0000013c   0x00000002   Code   RO          225    .ARM.Collect$$libshutdown$$00000000  c_w.l(libshutdown.o)
    0x0000013e   0x0000013e   0x00000000   Code   RO          240    .ARM.Collect$$libshutdown$$00000002  c_w.l(libshutdown2.o)
    0x0000013e   0x0000013e   0x00000000   Code   RO          242    .ARM.Collect$$libshutdown$$00000004  c_w.l(libshutdown2.o)
    0x0000013e   0x0000013e   0x00000000   Code   RO          245    .ARM.Collect$$libshutdown$$00000007  c_w.l(libshutdown2.o)
    0x0000013e   0x0000013e   0x00000000   Code   RO          248    .ARM.Collect$$libshutdown$$0000000A  c_w.l(libshutdown2.o)
    0x0000013e   0x0000013e   0x00000000   Code   RO          250    .ARM.Collect$$libshutdown$$0000000C  c_w.l(libshutdown2.o)
    0x0000013e   0x0000013e   0x00000000   Code   RO          253    .ARM.Collect$$libshutdown$$0000000F  c_w.l(libshutdown2.o)
    0x0000013e   0x0000013e   0x00000002   Code   RO          254    .ARM.Collect$$libshutdown$$00000010  c_w.l(libshutdown2.o)
    0x00000140   0x00000140   0x00000000   Code   RO          128    .ARM.Collect$$rtentry$$00000000  c_w.l(__rtentry.o)
    0x00000140   0x00000140   0x00000000   Code   RO          130    .ARM.Collect$$rtentry$$00000002  c_w.l(__rtentry2.o)
    0x00000140   0x00000140   0x00000006   Code   RO          142    .ARM.Collect$$rtentry$$00000004  c_w.l(__rtentry4.o)
    0x00000146   0x00000146   0x00000000   Code   RO          132    .ARM.Collect$$rtentry$$00000009  c_w.l(__rtentry2.o)
    0x00000146   0x00000146   0x00000004   Code   RO          133    .ARM.Collect$$rtentry$$0000000A  c_w.l(__rtentry2.o)
    0x0000014a   0x0000014a   0x00000000   Code   RO          135    .ARM.Collect$$rtentry$$0000000C  c_w.l(__rtentry2.o)
    0x0000014a   0x0000014a   0x00000008   Code   RO          136    .ARM.Collect$$rtentry$$0000000D  c_w.l(__rtentry2.o)
    0x00000152   0x00000152   0x00000002   Code   RO          157    .ARM.Collect$$rtexit$$00000000  c_w.l(rtexit.o)
    0x00000154   0x00000154   0x00000000   Code   RO          205    .ARM.Collect$$rtexit$$00000002  c_w.l(rtexit2.o)
    0x00000154   0x00000154   0x00000004   Code   RO          206    .ARM.Collect$$rtexit$$00000003  c_w.l(rtexit2.o)
    0x00000158   0x00000158   0x00000006   Code   RO          207    .ARM.Collect$$rtexit$$00000004  c_w.l(rtexit2.o)
    0x0000015e   0x0000015e   0x00000002   PAD
    0x00000160   0x00000160   0x00000044   Code   RO          100    .text               startup_armcm33.o
    0x000001a4   0x000001a4   0x0000004e   Code   RO          122    .text               c_w.l(rt_memclr_w.o)
    0x000001f2   0x000001f2   0x00000006   Code   RO          124    .text               c_w.l(heapauxi.o)
    0x000001f8   0x000001f8   0x0000004a   Code   RO          144    .text               c_w.l(sys_stackheap_outer.o)
    0x00000242   0x00000242   0x00000012   Code   RO          146    .text               c_w.l(exit.o)
    0x00000254   0x00000254   0x00000008   Code   RO          154    .text               c_w.l(libspace.o)
    0x0000025c   0x0000025c   0x0000000c   Code   RO          215    .text               c_w.l(sys_exit.o)
    0x00000268   0x00000268   0x00000002   Code   RO          230    .text               c_w.l(use_no_semi.o)
    0x0000026a   0x0000026a   0x00000000   Code   RO          232    .text               c_w.l(indicate_semi.o)
    0x0000026a   0x0000026a   0x00000002   PAD
    0x0000026c   0x0000026c   0x00000042   Code   RO           87    .text.BootNonSecure  main_s.o
    0x000002ae   0x000002ae   0x00000002   PAD
    0x000002b0   0x000002b0   0x00000098   Code   RO           75    .text.NSCFunction   nsc_functions.o
    0x00000348   0x00000348   0x000000ba   Code   RO            4    .text.SecureContext_AllocateContext  secure_context.o
    0x00000402   0x00000402   0x00000002   PAD
    0x00000404   0x00000404   0x0000007a   Code   RO            8    .text.SecureContext_FreeContext  secure_context.o
    0x0000047e   0x0000047e   0x00000002   PAD
    0x00000480   0x00000480   0x00000084   Code   RO            2    .text.SecureContext_Init  secure_context.o
    0x00000504   0x00000504   0x00000072   Code   RO           12    .text.SecureContext_LoadContext  secure_context.o
    0x00000576   0x00000576   0x00000002   PAD
    0x00000578   0x00000578   0x00000018   Code   RO           26    .text.SecureContext_LoadContextAsm  secure_context_port.o
    0x00000590   0x00000590   0x00000076   Code   RO           14    .text.SecureContext_SaveContext  secure_context.o
    0x00000606   0x00000606   0x00000002   PAD
    0x00000608   0x00000608   0x00000028   Code   RO           28    .text.SecureContext_SaveContextAsm  secure_context_port.o
    0x00000630   0x00000630   0x0000006e   Code   RO           37    .text.SecureInit_DePrioritizeNSExceptions  secure_init.o
    0x0000069e   0x0000069e   0x00000002   PAD
    0x000006a0   0x000006a0   0x00000078   Code   RO           39    .text.SecureInit_EnableNSFPUAccess  secure_init.o
    0x00000718   0x00000718   0x00000036   Code   RO          109    .text.SystemInit    system_armcm33.o
    0x0000074e   0x0000074e   0x00000002   PAD
    0x00000750   0x00000750   0x000000a8   Code   RO          111    .text.TZ_SAU_Setup  system_armcm33.o
    0x000007f8   0x000007f8   0x0000000a   Code   RO           85    .text.main          main_s.o
    0x00000802   0x00000802   0x00000002   PAD
    0x00000804   0x00000804   0x00000076   Code   RO           51    .text.prvHeapInit   secure_heap.o
    0x0000087a   0x0000087a   0x00000002   PAD
    0x0000087c   0x0000087c   0x0000005a   Code   RO           53    .text.prvInsertBlockIntoFreeList  secure_heap.o
    0x000008d6   0x000008d6   0x00000002   PAD
    0x000008d8   0x000008d8   0x0000011e   Code   RO           49    .text.pvPortMalloc  secure_heap.o
    0x000009f6   0x000009f6   0x00000002   PAD
    0x000009f8   0x000009f8   0x0000005a   Code   RO            6    .text.ulGetSecureContext  secure_context.o
    0x00000a52   0x00000a52   0x00000002   PAD
    0x00000a54   0x00000a54   0x00000074   Code   RO           55    .text.vPortFree     secure_heap.o
    0x00000ac8   0x00000ac8   0x0000001a   Code   RO           10    .text.vReturnSecureContext  secure_context.o
    0x00000ae2   0x00000ae2   0x0000001e   PAD
    0x00000b00   0x00000b00   0x00000040   Code   RO          289    Veneer$$CMSE        anon$$obj.o
    0x00000b40   0x00000b40   0x0000001a   Code   RO          213    x$fpl$fpinit        fz_wm.l(fpinit.o)
    0x00000b5a   0x00000b5a   0x00000002   PAD
    0x00000b5c   0x00000b5c   0x00000020   Data   RO          288    Region$$Table       anon$$obj.o


    Execution Region RW_IRAM_S (Exec base: 0x20000000, Load base: 0x00000b80, Size: 0x00003908, Max: 0x00020000, ABSOLUTE)

    Exec Addr    Load Addr    Size         Type   Attr      Idx    E Section Name        Object

    0x20000000   0x00000b80   0x00000004   Data   RW          113    .data.SystemCoreClock  system_armcm33.o
    0x20000004   0x00000b84   0x00000004   PAD
    0x20000008        -       0x00000060   Zero   RW          155    .bss                c_w.l(libspace.o)
    0x20000068        -       0x00000001   Zero   RW           16    .bss.SecureContext_Init.ulSecureContextsInitialized  secure_context.o
    0x20000069   0x00000b84   0x00000003   PAD
    0x2000006c        -       0x00000004   Zero   RW           61    .bss.pxEnd          secure_heap.o
    0x20000070        -       0x00002800   Zero   RW           66    .bss.ucHeap         secure_heap.o
    0x20002870        -       0x00000004   Zero   RW           77    .bss.ulSecureCounter  nsc_functions.o
    0x20002874        -       0x00000001   Zero   RW           62    .bss.xBlockAllocatedBit  secure_heap.o
    0x20002875   0x00000b84   0x00000003   PAD
    0x20002878        -       0x00000004   Zero   RW           63    .bss.xFreeBytesRemaining  secure_heap.o
    0x2000287c        -       0x00000004   Zero   RW           65    .bss.xMinimumEverFreeBytesRemaining  secure_heap.o
    0x20002880        -       0x00000080   Zero   RW           17    .bss.xSecureContexts  secure_context.o
    0x20002900        -       0x00000008   Zero   RW           64    .bss.xStart         secure_heap.o
    0x20002908        -       0x00000c00   Zero   RW           98    HEAP                startup_armcm33.o
    0x20003508        -       0x00000400   Zero   RW           97    STACK               startup_armcm33.o


==============================================================================

Image component sizes


      Code (inc. data)   RO Data    RW Data    ZI Data      Debug   Object Name

        76          0          0          0          0        873   main_s.o
       152          0          0          0          4        888   nsc_functions.o
       788          0          0          0        129       3695   secure_context.o
        64          0          0          0          0        608   secure_context_port.o
       610          0          0          0      10261       3311   secure_heap.o
       230          0          0          0          0        901   secure_init.o
        68         28        192          0       4096       1036   startup_armcm33.o
       222          0          0          4          0       2850   system_armcm33.o

    ----------------------------------------------------------------------
      2328         28        224          4      14500      14162   Object Totals
        64          0         32          0          0          0   (incl. Generated)
        54          0          0          0         10          0   (incl. Padding)

    ----------------------------------------------------------------------

      Code (inc. data)   RO Data    RW Data    ZI Data      Debug   Library Member Name

         8          0          0          0          0         68   __main.o
         0          0          0          0          0          0   __rtentry.o
        12          0          0          0          0          0   __rtentry2.o
         6          0          0          0          0          0   __rtentry4.o
        52          8          0          0          0          0   __scatter.o
        26          0          0          0          0          0   __scatter_copy.o
        28          0          0          0          0          0   __scatter_zi.o
        18          0          0          0          0         80   exit.o
         6          0          0          0          0        152   heapauxi.o
         0          0          0          0          0          0   indicate_semi.o
         2          0          0          0          0          0   libinit.o
         6          0          0          0          0          0   libinit2.o
         2          0          0          0          0          0   libshutdown.o
         2          0          0          0          0          0   libshutdown2.o
         8          4          0          0         96         68   libspace.o
        78          0          0          0          0         80   rt_memclr_w.o
         2          0          0          0          0          0   rtexit.o
        10          0          0          0          0          0   rtexit2.o
        12          4          0          0          0         68   sys_exit.o
        74          0          0          0          0         80   sys_stackheap_outer.o
         2          0          0          0          0         68   use_no_semi.o
        26          0          0          0          0        116   fpinit.o

    ----------------------------------------------------------------------
       388         16          0          0         96        780   Library Totals
         8          0          0          0          0          0   (incl. Padding)

    ----------------------------------------------------------------------

      Code (inc. data)   RO Data    RW Data    ZI Data      Debug   Library Name

       354         16          0          0         96        664   c_w.l
        26          0          0          0          0        116   fz_wm.l

    ----------------------------------------------------------------------
       388         16          0          0         96        780   Library Totals

    ----------------------------------------------------------------------

==============================================================================


      Code (inc. data)   RO Data    RW Data    ZI Data      Debug   

      2716         44        224          4      14596      14614   Grand Totals
      2716         44        224          4      14596      14614   ELF Image Totals
      2716         44        224          4          0          0   ROM Totals

==============================================================================

    Total RO  Size (Code + RO Data)                 2940 (   2.87kB)
    Total RW  Size (RW Data + ZI Data)             14600 (  14.26kB)
    Total ROM Size (Code + RO Data + RW Data)       2944 (   2.88kB)

==============================================================================

